JUnit version 4.13.2
.E
Time: 0.513
There was 1 failure:
1) testMergeRightEnd(TestListExamples)
org.junit.runners.model.TestTimedOutException: test timed out after 500 milliseconds
	at app//ListExamples.merge(ListExamples.java:43)
	at app//TestListExamples.testMergeRightEnd(TestListExamples.java:17)

FAILURES!!!
Tests run: 1,  Failures: 1

